No syntax errors detected in config/auth.php
No syntax errors detected in config/bootstrap.php
No syntax errors detected in config/app.php
No syntax errors detected in config/permissions.php
No syntax errors detected in config/db.php
No syntax errors detected in Public/profile.php
No syntax errors detected in Public/reset.php
No syntax errors detected in Public/admin/auth_security.php
No syntax errors detected in Public/admin/index.php
No syntax errors detected in Public/admin/transfers.php
No syntax errors detected in Public/admin/accounts.php
No syntax errors detected in Public/device_verify.php
No syntax errors detected in Public/partials/flash.php
No syntax errors detected in Public/partials/navbar.php
No syntax errors detected in Public/partials/admin_nav.php
No syntax errors detected in Public/partials/head.php
No syntax errors detected in Public/partials/transfers_page.php
No syntax errors detected in Public/index.php
No syntax errors detected in Public/forgot.php
No syntax errors detected in Public/app.php
No syntax errors detected in Public/register.php
No syntax errors detected in Public/api/filters/options.php
No syntax errors detected in Public/api/organization-transfers.php
No syntax errors detected in Public/api/admin/users/list.php
No syntax errors detected in Public/api/admin/users/reset-password.php
No syntax errors detected in Public/api/admin/users/set-status.php
No syntax errors detected in Public/api/admin/users/set-role.php
No syntax errors detected in Public/api/admin/users/account-mutation.php
No syntax errors detected in Public/api/admin/stats.php
No syntax errors detected in Public/api/admin/auth_throttles.php
No syntax errors detected in Public/api/admin/auth_events.php
No syntax errors detected in Public/api/users/list.php
No syntax errors detected in Public/api/users/profile.php
No syntax errors detected in Public/api/users/set_role.php
No syntax errors detected in Public/api/users/set_status.php
No syntax errors detected in Public/api/users/change_password.php
No syntax errors detected in Public/api/users/update.php
No syntax errors detected in Public/api/routing/route.php
No syntax errors detected in Public/api/managed_towns/list.php
No syntax errors detected in Public/api/places/list.php
No syntax errors detected in Public/api/places/create.php
No syntax errors detected in Public/api/places/get.php
No syntax errors detected in Public/api/places/delete.php
No syntax errors detected in Public/api/places/update.php
No syntax errors detected in Public/api/common/bootstrap.php
No syntax errors detected in Public/api/common/address_parser.php
No syntax errors detected in Public/api/auth/login.php
No syntax errors detected in Public/api/auth/register_verify.php
No syntax errors detected in Public/api/auth/register_request.php
No syntax errors detected in Public/api/auth/device_otp_request.php
No syntax errors detected in Public/api/auth/device_otp_verify.php
No syntax errors detected in Public/api/auth/me.php
No syntax errors detected in Public/api/auth/forgot_verify.php
No syntax errors detected in Public/api/auth/logout.php
No syntax errors detected in Public/api/auth/forgot_request.php
